// Jest Snapshot v1, https://goo.gl/fbAQLP

exports[`<PopUp /> rendered correctly with Modal fixture 1`] = `
<PopUp
  modal={true}
  noPadding={false}
  onClose={[Function]}
  onOpen={[Function]}
  showing={true}
>
  <div
    className="outer showing"
  >
    <div
      className="overlay"
      onClick={[Function]}
    />
    <div
      className="popup popupWithPadding"
    >
      <div>
        <p>
          This modal popup cannot be closed without a parent interfering.
        </p>
        <p>
          If only the showing property were set to false.
        </p>
      </div>
    </div>
  </div>
</PopUp>
`;
